{"Name":"python-no-uri","Type":"PipPackage","Files":["mod0.py","setup.py"],"Dir":".","Ops":{"depresolve":null,"graph":null}}
