{
  "Defs": [
    {
      "UnitType": "PipPackage",
      "Unit": "python-sample-0",
      "Path": "pkg0",
      "Name": "pkg0",
      "Kind": "module",
      "File": "pkg0/__init__.py",
      "DefStart": 0,
      "DefEnd": 0,
      "Exported": true,
      "TreePath": "pkg0"
    },
    {
      "UnitType": "PipPackage",
      "Unit": "python-sample-0",
      "Path": "pkg0/m0",
      "Name": "m0",
      "Kind": "module",
      "File": "pkg0/m0.py",
      "DefStart": 0,
      "DefEnd": 0,
      "Exported": true,
      "TreePath": "pkg0/m0"
    },
    {
      "UnitType": "PipPackage",
      "Unit": "python-sample-0",
      "Path": "pkg0/m0/Class0",
      "Name": "Class0",
      "Kind": "type",
      "File": "pkg0/m0.py",
      "DefStart": 60,
      "DefEnd": 66,
      "Exported": true,
      "TreePath": "pkg0/m0/Class0"
    },
    {
      "UnitType": "PipPackage",
      "Unit": "python-sample-0",
      "Path": "pkg0/m0/Class0/meth0",
      "Name": "meth0",
      "Kind": "func",
      "File": "pkg0/m0.py",
      "DefStart": 124,
      "DefEnd": 129,
      "Exported": true,
      "TreePath": "pkg0/m0/Class0/meth0"
    },
    {
      "UnitType": "PipPackage",
      "Unit": "python-sample-0",
      "Path": "pkg0/m0/Class0/var0",
      "Name": "var0",
      "Kind": "var",
      "File": "pkg0/m0.py",
      "DefStart": 107,
      "DefEnd": 111,
      "Exported": true,
      "TreePath": "pkg0/m0/Class0/var0"
    },
    {
      "UnitType": "PipPackage",
      "Unit": "python-sample-0",
      "Path": "pkg0/m0/Class0_0",
      "Name": "Class0_0",
      "Kind": "type",
      "File": "pkg0/m0.py",
      "DefStart": 337,
      "DefEnd": 345,
      "Exported": true,
      "TreePath": "pkg0/m0/Class0_0"
    },
    {
      "UnitType": "PipPackage",
      "Unit": "python-sample-0",
      "Path": "pkg0/m0/Class0_0/__init__",
      "Name": "__init__",
      "Kind": "func",
      "File": "pkg0/m0.py",
      "DefStart": 363,
      "DefEnd": 371,
      "Exported": true,
      "TreePath": "pkg0/m0/Class0_0/__init__"
    },
    {
      "UnitType": "PipPackage",
      "Unit": "python-sample-0",
      "Path": "pkg0/m0/Class0_0/__init__/arg0",
      "Name": "arg0",
      "Kind": "var",
      "File": "pkg0/m0.py",
      "DefStart": 378,
      "DefEnd": 382,
      "Exported": true,
      "TreePath": "pkg0/m0/Class0_0/__init__/arg0"
    },
    {
      "UnitType": "PipPackage",
      "Unit": "python-sample-0",
      "Path": "pkg0/m0/Class0_0/__init__/arg1",
      "Name": "arg1",
      "Kind": "var",
      "File": "pkg0/m0.py",
      "DefStart": 384,
      "DefEnd": 388,
      "Exported": true,
      "TreePath": "pkg0/m0/Class0_0/__init__/arg1"
    },
    {
      "UnitType": "PipPackage",
      "Unit": "python-sample-0",
      "Path": "pkg0/m0/Class0_0/__init__/args",
      "Name": "args",
      "Kind": "var",
      "File": "pkg0/m0.py",
      "DefStart": 391,
      "DefEnd": 395,
      "Exported": true,
      "TreePath": "pkg0/m0/Class0_0/__init__/args"
    },
    {
      "UnitType": "PipPackage",
      "Unit": "python-sample-0",
      "Path": "pkg0/m0/Class0_0/__init__/kwargs",
      "Name": "kwargs",
      "Kind": "var",
      "File": "pkg0/m0.py",
      "DefStart": 399,
      "DefEnd": 405,
      "Exported": true,
      "TreePath": "pkg0/m0/Class0_0/__init__/kwargs"
    },
    {
      "UnitType": "PipPackage",
      "Unit": "python-sample-0",
      "Path": "pkg0/m0/Class1",
      "Name": "Class1",
      "Kind": "type",
      "File": "pkg0/m0.py",
      "DefStart": 149,
      "DefEnd": 155,
      "Exported": true,
      "TreePath": "pkg0/m0/Class1"
    },
    {
      "UnitType": "PipPackage",
      "Unit": "python-sample-0",
      "Path": "pkg0/m0/Class1/__init__",
      "Name": "__init__",
      "Kind": "func",
      "File": "pkg0/m0.py",
      "DefStart": 173,
      "DefEnd": 181,
      "Exported": true,
      "TreePath": "pkg0/m0/Class1/__init__"
    },
    {
      "UnitType": "PipPackage",
      "Unit": "python-sample-0",
      "Path": "pkg0/m0/Class1/meth0",
      "Name": "meth0",
      "Kind": "func",
      "File": "pkg0/m0.py",
      "DefStart": 268,
      "DefEnd": 273,
      "Exported": true,
      "TreePath": "pkg0/m0/Class1/meth0"
    },
    {
      "UnitType": "PipPackage",
      "Unit": "python-sample-0",
      "Path": "pkg0/m0/Class1/meth0/var0",
      "Name": "var0",
      "Kind": "var",
      "File": "pkg0/m0.py",
      "DefStart": 289,
      "DefEnd": 293,
      "Exported": true,
      "TreePath": "pkg0/m0/Class1/meth0/var0"
    },
    {
      "UnitType": "PipPackage",
      "Unit": "python-sample-0",
      "Path": "pkg0/m0/Class1/var0",
      "Name": "var0",
      "Kind": "var",
      "File": "pkg0/m0.py",
      "DefStart": 202,
      "DefEnd": 206,
      "Exported": true,
      "TreePath": "pkg0/m0/Class1/var0"
    },
    {
      "UnitType": "PipPackage",
      "Unit": "python-sample-0",
      "Path": "pkg0/m0/Class1/var1",
      "Name": "var1",
      "Kind": "var",
      "File": "pkg0/m0.py",
      "DefStart": 247,
      "DefEnd": 251,
      "Exported": true,
      "TreePath": "pkg0/m0/Class1/var1"
    },
    {
      "UnitType": "PipPackage",
      "Unit": "python-sample-0",
      "Path": "pkg0/m0/f0",
      "Name": "f0",
      "Kind": "func",
      "File": "pkg0/m0.py",
      "DefStart": 451,
      "DefEnd": 453,
      "Exported": true,
      "TreePath": "pkg0/m0/f0"
    },
    {
      "UnitType": "PipPackage",
      "Unit": "python-sample-0",
      "Path": "pkg0/m0/f0/var0",
      "Name": "var0",
      "Kind": "var",
      "File": "pkg0/m0.py",
      "DefStart": 461,
      "DefEnd": 465,
      "Exported": true,
      "TreePath": "pkg0/m0/f0/var0"
    },
    {
      "UnitType": "PipPackage",
      "Unit": "python-sample-0",
      "Path": "pkg0/m0/f0/var1",
      "Name": "var1",
      "Kind": "var",
      "File": "pkg0/m0.py",
      "DefStart": 481,
      "DefEnd": 485,
      "Exported": true,
      "TreePath": "pkg0/m0/f0/var1"
    },
    {
      "UnitType": "PipPackage",
      "Unit": "python-sample-0",
      "Path": "pkg0/m0/f0/var2",
      "Name": "var2",
      "Kind": "var",
      "File": "pkg0/m0.py",
      "DefStart": 501,
      "DefEnd": 505,
      "Exported": true,
      "TreePath": "pkg0/m0/f0/var2"
    },
    {
      "UnitType": "PipPackage",
      "Unit": "python-sample-0",
      "Path": "pkg0/m1",
      "Name": "m1",
      "Kind": "module",
      "File": "pkg0/m1.py",
      "DefStart": 0,
      "DefEnd": 0,
      "Exported": true,
      "TreePath": "pkg0/m1"
    },
    {
      "UnitType": "PipPackage",
      "Unit": "python-sample-0",
      "Path": "pkg0/m1/Class0_0",
      "Name": "Class0_0",
      "Kind": "type",
      "File": "pkg0/m1.py",
      "DefStart": 90,
      "DefEnd": 98,
      "Exported": true,
      "TreePath": "pkg0/m1/Class0_0"
    },
    {
      "UnitType": "PipPackage",
      "Unit": "python-sample-0",
      "Path": "pkg0/m1/Class0_0/__init__",
      "Name": "__init__",
      "Kind": "func",
      "File": "pkg0/m1.py",
      "DefStart": 116,
      "DefEnd": 124,
      "Exported": true,
      "TreePath": "pkg0/m1/Class0_0/__init__"
    },
    {
      "UnitType": "PipPackage",
      "Unit": "python-sample-0",
      "Path": "pkg0/m1/m2_fn1",
      "Name": "m2_fn1",
      "Kind": "func",
      "File": "pkg0/m1.py",
      "DefStart": 178,
      "DefEnd": 184,
      "Exported": true,
      "TreePath": "pkg0/m1/m2_fn1"
    },
    {
      "UnitType": "PipPackage",
      "Unit": "python-sample-0",
      "Path": "pkg0/m1/m2_fn1/var0",
      "Name": "var0",
      "Kind": "var",
      "File": "pkg0/m1.py",
      "DefStart": 192,
      "DefEnd": 196,
      "Exported": true,
      "TreePath": "pkg0/m1/m2_fn1/var0"
    },
    {
      "UnitType": "PipPackage",
      "Unit": "python-sample-0",
      "Path": "pkg0/m1/m2_fn1/var1",
      "Name": "var1",
      "Kind": "var",
      "File": "pkg0/m1.py",
      "DefStart": 212,
      "DefEnd": 216,
      "Exported": true,
      "TreePath": "pkg0/m1/m2_fn1/var1"
    },
    {
      "UnitType": "PipPackage",
      "Unit": "python-sample-0",
      "Path": "setup",
      "Name": "setup",
      "Kind": "module",
      "File": "setup.py",
      "DefStart": 0,
      "DefEnd": 0,
      "Exported": true,
      "TreePath": "setup"
    }
  ],
  "Refs": [
    {
      "DefRepo": "hg.python.org/cpython",
      "DefUnitType": "PipPackage",
      "DefUnit": "Python",
      "DefPath": "None",
      "UnitType": "PipPackage",
      "Unit": "python-sample-0",
      "File": "pkg0/m0.py",
      "Start": 254,
      "End": 258
    },
    {
      "DefRepo": "hg.python.org/cpython",
      "DefUnitType": "PipPackage",
      "DefUnit": "Python",
      "DefPath": "__init__",
      "UnitType": "PipPackage",
      "Unit": "python-sample-0",
      "File": "pkg0/m1.py",
      "Start": 162,
      "End": 170
    },
    {
      "DefRepo": "hg.python.org/cpython",
      "DefUnitType": "PipPackage",
      "DefUnit": "Python",
      "DefPath": "object",
      "UnitType": "PipPackage",
      "Unit": "python-sample-0",
      "File": "pkg0/m0.py",
      "Start": 156,
      "End": 162
    },
    {
      "DefRepo": "hg.python.org/cpython",
      "DefUnitType": "PipPackage",
      "DefUnit": "Python",
      "DefPath": "object",
      "UnitType": "PipPackage",
      "Unit": "python-sample-0",
      "File": "pkg0/m0.py",
      "Start": 67,
      "End": 73
    },
    {
      "DefRepo": "hg.python.org/cpython",
      "DefUnitType": "PipPackage",
      "DefUnit": "Python",
      "DefPath": "os",
      "UnitType": "PipPackage",
      "Unit": "python-sample-0",
      "File": "pkg0/m0.py",
      "Start": 50,
      "End": 52
    },
    {
      "DefUnitType": "PipPackage",
      "DefUnit": "python-sample-0",
      "DefPath": "pkg0/m0/Class0/meth0",
      "UnitType": "PipPackage",
      "Unit": "python-sample-0",
      "Def": true,
      "File": "pkg0/m0.py",
      "Start": 124,
      "End": 129
    },
    {
      "DefUnitType": "PipPackage",
      "DefUnit": "python-sample-0",
      "DefPath": "pkg0/m0/Class0/meth0",
      "UnitType": "PipPackage",
      "Unit": "python-sample-0",
      "File": "pkg0/m0.py",
      "Start": 438,
      "End": 443
    },
    {
      "DefUnitType": "PipPackage",
      "DefUnit": "python-sample-0",
      "DefPath": "pkg0/m0/Class0/var0",
      "UnitType": "PipPackage",
      "Unit": "python-sample-0",
      "Def": true,
      "File": "pkg0/m0.py",
      "Start": 107,
      "End": 111
    },
    {
      "DefUnitType": "PipPackage",
      "DefUnit": "python-sample-0",
      "DefPath": "pkg0/m0/Class0",
      "UnitType": "PipPackage",
      "Unit": "python-sample-0",
      "Def": true,
      "File": "pkg0/m0.py",
      "Start": 130,
      "End": 134
    },
    {
      "DefUnitType": "PipPackage",
      "DefUnit": "python-sample-0",
      "DefPath": "pkg0/m0/Class0",
      "UnitType": "PipPackage",
      "Unit": "python-sample-0",
      "File": "pkg0/m0.py",
      "Start": 296,
      "End": 302
    },
    {
      "DefUnitType": "PipPackage",
      "DefUnit": "python-sample-0",
      "DefPath": "pkg0/m0/Class0",
      "UnitType": "PipPackage",
      "Unit": "python-sample-0",
      "File": "pkg0/m0.py",
      "Start": 346,
      "End": 352
    },
    {
      "DefUnitType": "PipPackage",
      "DefUnit": "python-sample-0",
      "DefPath": "pkg0/m0/Class0",
      "UnitType": "PipPackage",
      "Unit": "python-sample-0",
      "File": "pkg0/m0.py",
      "Start": 468,
      "End": 474
    },
    {
      "DefUnitType": "PipPackage",
      "DefUnit": "python-sample-0",
      "DefPath": "pkg0/m0/Class0",
      "UnitType": "PipPackage",
      "Unit": "python-sample-0",
      "Def": true,
      "File": "pkg0/m0.py",
      "Start": 60,
      "End": 66
    },
    {
      "DefUnitType": "PipPackage",
      "DefUnit": "python-sample-0",
      "DefPath": "pkg0/m0/Class0",
      "UnitType": "PipPackage",
      "Unit": "python-sample-0",
      "File": "pkg0/m1.py",
      "Start": 199,
      "End": 205
    },
    {
      "DefUnitType": "PipPackage",
      "DefUnit": "python-sample-0",
      "DefPath": "pkg0/m0/Class0",
      "UnitType": "PipPackage",
      "Unit": "python-sample-0",
      "File": "pkg0/m1.py",
      "Start": 76,
      "End": 82
    },
    {
      "DefUnitType": "PipPackage",
      "DefUnit": "python-sample-0",
      "DefPath": "pkg0/m0/Class0",
      "UnitType": "PipPackage",
      "Unit": "python-sample-0",
      "File": "pkg0/m1.py",
      "Start": 99,
      "End": 105
    },
    {
      "DefUnitType": "PipPackage",
      "DefUnit": "python-sample-0",
      "DefPath": "pkg0/m0/Class0_0/__init__/arg0",
      "UnitType": "PipPackage",
      "Unit": "python-sample-0",
      "Def": true,
      "File": "pkg0/m0.py",
      "Start": 378,
      "End": 382
    },
    {
      "DefUnitType": "PipPackage",
      "DefUnit": "python-sample-0",
      "DefPath": "pkg0/m0/Class0_0/__init__/arg1",
      "UnitType": "PipPackage",
      "Unit": "python-sample-0",
      "Def": true,
      "File": "pkg0/m0.py",
      "Start": 384,
      "End": 388
    },
    {
      "DefUnitType": "PipPackage",
      "DefUnit": "python-sample-0",
      "DefPath": "pkg0/m0/Class0_0/__init__/args",
      "UnitType": "PipPackage",
      "Unit": "python-sample-0",
      "Def": true,
      "File": "pkg0/m0.py",
      "Start": 391,
      "End": 395
    },
    {
      "DefUnitType": "PipPackage",
      "DefUnit": "python-sample-0",
      "DefPath": "pkg0/m0/Class0_0/__init__/kwargs",
      "UnitType": "PipPackage",
      "Unit": "python-sample-0",
      "Def": true,
      "File": "pkg0/m0.py",
      "Start": 399,
      "End": 405
    },
    {
      "DefUnitType": "PipPackage",
      "DefUnit": "python-sample-0",
      "DefPath": "pkg0/m0/Class0_0/__init__",
      "UnitType": "PipPackage",
      "Unit": "python-sample-0",
      "Def": true,
      "File": "pkg0/m0.py",
      "Start": 363,
      "End": 371
    },
    {
      "DefUnitType": "PipPackage",
      "DefUnit": "python-sample-0",
      "DefPath": "pkg0/m0/Class0_0",
      "UnitType": "PipPackage",
      "Unit": "python-sample-0",
      "Def": true,
      "File": "pkg0/m0.py",
      "Start": 337,
      "End": 345
    },
    {
      "DefUnitType": "PipPackage",
      "DefUnit": "python-sample-0",
      "DefPath": "pkg0/m0/Class0_0",
      "UnitType": "PipPackage",
      "Unit": "python-sample-0",
      "Def": true,
      "File": "pkg0/m0.py",
      "Start": 372,
      "End": 376
    },
    {
      "DefUnitType": "PipPackage",
      "DefUnit": "python-sample-0",
      "DefPath": "pkg0/m0/Class0_0",
      "UnitType": "PipPackage",
      "Unit": "python-sample-0",
      "File": "pkg0/m0.py",
      "Start": 422,
      "End": 430
    },
    {
      "DefUnitType": "PipPackage",
      "DefUnit": "python-sample-0",
      "DefPath": "pkg0/m0/Class0_0",
      "UnitType": "PipPackage",
      "Unit": "python-sample-0",
      "File": "pkg0/m0.py",
      "Start": 432,
      "End": 436
    },
    {
      "DefUnitType": "PipPackage",
      "DefUnit": "python-sample-0",
      "DefPath": "pkg0/m0/Class0_0",
      "UnitType": "PipPackage",
      "Unit": "python-sample-0",
      "File": "pkg0/m0.py",
      "Start": 508,
      "End": 516
    },
    {
      "DefUnitType": "PipPackage",
      "DefUnit": "python-sample-0",
      "DefPath": "pkg0/m0/Class0_0",
      "UnitType": "PipPackage",
      "Unit": "python-sample-0",
      "File": "pkg0/m1.py",
      "Start": 249,
      "End": 257
    },
    {
      "DefUnitType": "PipPackage",
      "DefUnit": "python-sample-0",
      "DefPath": "pkg0/m0/Class1/__init__",
      "UnitType": "PipPackage",
      "Unit": "python-sample-0",
      "Def": true,
      "File": "pkg0/m0.py",
      "Start": 173,
      "End": 181
    },
    {
      "DefUnitType": "PipPackage",
      "DefUnit": "python-sample-0",
      "DefPath": "pkg0/m0/Class1/meth0/var0",
      "UnitType": "PipPackage",
      "Unit": "python-sample-0",
      "Def": true,
      "File": "pkg0/m0.py",
      "Start": 289,
      "End": 293
    },
    {
      "DefUnitType": "PipPackage",
      "DefUnit": "python-sample-0",
      "DefPath": "pkg0/m0/Class1/meth0/var0",
      "UnitType": "PipPackage",
      "Unit": "python-sample-0",
      "File": "pkg0/m0.py",
      "Start": 325,
      "End": 329
    },
    {
      "DefUnitType": "PipPackage",
      "DefUnit": "python-sample-0",
      "DefPath": "pkg0/m0/Class1/meth0",
      "UnitType": "PipPackage",
      "Unit": "python-sample-0",
      "Def": true,
      "File": "pkg0/m0.py",
      "Start": 268,
      "End": 273
    },
    {
      "DefUnitType": "PipPackage",
      "DefUnit": "python-sample-0",
      "DefPath": "pkg0/m0/Class1/var0",
      "UnitType": "PipPackage",
      "Unit": "python-sample-0",
      "Def": true,
      "File": "pkg0/m0.py",
      "Start": 202,
      "End": 206
    },
    {
      "DefUnitType": "PipPackage",
      "DefUnit": "python-sample-0",
      "DefPath": "pkg0/m0/Class1/var0",
      "UnitType": "PipPackage",
      "Unit": "python-sample-0",
      "Def": true,
      "File": "pkg0/m0.py",
      "Start": 224,
      "End": 228
    },
    {
      "DefUnitType": "PipPackage",
      "DefUnit": "python-sample-0",
      "DefPath": "pkg0/m0/Class1/var1",
      "UnitType": "PipPackage",
      "Unit": "python-sample-0",
      "Def": true,
      "File": "pkg0/m0.py",
      "Start": 247,
      "End": 251
    },
    {
      "DefUnitType": "PipPackage",
      "DefUnit": "python-sample-0",
      "DefPath": "pkg0/m0/Class1/var1",
      "UnitType": "PipPackage",
      "Unit": "python-sample-0",
      "Def": true,
      "File": "pkg0/m0.py",
      "Start": 318,
      "End": 322
    },
    {
      "DefUnitType": "PipPackage",
      "DefUnit": "python-sample-0",
      "DefPath": "pkg0/m0/Class1",
      "UnitType": "PipPackage",
      "Unit": "python-sample-0",
      "Def": true,
      "File": "pkg0/m0.py",
      "Start": 149,
      "End": 155
    },
    {
      "DefUnitType": "PipPackage",
      "DefUnit": "python-sample-0",
      "DefPath": "pkg0/m0/Class1",
      "UnitType": "PipPackage",
      "Unit": "python-sample-0",
      "Def": true,
      "File": "pkg0/m0.py",
      "Start": 182,
      "End": 186
    },
    {
      "DefUnitType": "PipPackage",
      "DefUnit": "python-sample-0",
      "DefPath": "pkg0/m0/Class1",
      "UnitType": "PipPackage",
      "Unit": "python-sample-0",
      "File": "pkg0/m0.py",
      "Start": 197,
      "End": 201
    },
    {
      "DefUnitType": "PipPackage",
      "DefUnit": "python-sample-0",
      "DefPath": "pkg0/m0/Class1",
      "UnitType": "PipPackage",
      "Unit": "python-sample-0",
      "File": "pkg0/m0.py",
      "Start": 219,
      "End": 223
    },
    {
      "DefUnitType": "PipPackage",
      "DefUnit": "python-sample-0",
      "DefPath": "pkg0/m0/Class1",
      "UnitType": "PipPackage",
      "Unit": "python-sample-0",
      "File": "pkg0/m0.py",
      "Start": 242,
      "End": 246
    },
    {
      "DefUnitType": "PipPackage",
      "DefUnit": "python-sample-0",
      "DefPath": "pkg0/m0/Class1",
      "UnitType": "PipPackage",
      "Unit": "python-sample-0",
      "Def": true,
      "File": "pkg0/m0.py",
      "Start": 274,
      "End": 278
    },
    {
      "DefUnitType": "PipPackage",
      "DefUnit": "python-sample-0",
      "DefPath": "pkg0/m0/Class1",
      "UnitType": "PipPackage",
      "Unit": "python-sample-0",
      "File": "pkg0/m0.py",
      "Start": 313,
      "End": 317
    },
    {
      "DefUnitType": "PipPackage",
      "DefUnit": "python-sample-0",
      "DefPath": "pkg0/m0/Class1",
      "UnitType": "PipPackage",
      "Unit": "python-sample-0",
      "File": "pkg0/m0.py",
      "Start": 488,
      "End": 494
    },
    {
      "DefUnitType": "PipPackage",
      "DefUnit": "python-sample-0",
      "DefPath": "pkg0/m0/f0/var0",
      "UnitType": "PipPackage",
      "Unit": "python-sample-0",
      "Def": true,
      "File": "pkg0/m0.py",
      "Start": 461,
      "End": 465
    },
    {
      "DefUnitType": "PipPackage",
      "DefUnit": "python-sample-0",
      "DefPath": "pkg0/m0/f0/var0",
      "UnitType": "PipPackage",
      "Unit": "python-sample-0",
      "File": "pkg0/m0.py",
      "Start": 535,
      "End": 539
    },
    {
      "DefUnitType": "PipPackage",
      "DefUnit": "python-sample-0",
      "DefPath": "pkg0/m0/f0/var1",
      "UnitType": "PipPackage",
      "Unit": "python-sample-0",
      "Def": true,
      "File": "pkg0/m0.py",
      "Start": 481,
      "End": 485
    },
    {
      "DefUnitType": "PipPackage",
      "DefUnit": "python-sample-0",
      "DefPath": "pkg0/m0/f0/var1",
      "UnitType": "PipPackage",
      "Unit": "python-sample-0",
      "File": "pkg0/m0.py",
      "Start": 541,
      "End": 545
    },
    {
      "DefUnitType": "PipPackage",
      "DefUnit": "python-sample-0",
      "DefPath": "pkg0/m0/f0/var2",
      "UnitType": "PipPackage",
      "Unit": "python-sample-0",
      "Def": true,
      "File": "pkg0/m0.py",
      "Start": 501,
      "End": 505
    },
    {
      "DefUnitType": "PipPackage",
      "DefUnit": "python-sample-0",
      "DefPath": "pkg0/m0/f0/var2",
      "UnitType": "PipPackage",
      "Unit": "python-sample-0",
      "File": "pkg0/m0.py",
      "Start": 547,
      "End": 551
    },
    {
      "DefUnitType": "PipPackage",
      "DefUnit": "python-sample-0",
      "DefPath": "pkg0/m0/f0",
      "UnitType": "PipPackage",
      "Unit": "python-sample-0",
      "Def": true,
      "File": "pkg0/m0.py",
      "Start": 451,
      "End": 453
    },
    {
      "DefUnitType": "PipPackage",
      "DefUnit": "python-sample-0",
      "DefPath": "pkg0/m0",
      "UnitType": "PipPackage",
      "Unit": "python-sample-0",
      "Def": true,
      "File": "pkg0/m0.py",
      "Start": 0,
      "End": 0
    },
    {
      "DefUnitType": "PipPackage",
      "DefUnit": "python-sample-0",
      "DefPath": "pkg0/m1/Class0_0/__init__",
      "UnitType": "PipPackage",
      "Unit": "python-sample-0",
      "Def": true,
      "File": "pkg0/m1.py",
      "Start": 116,
      "End": 124
    },
    {
      "DefUnitType": "PipPackage",
      "DefUnit": "python-sample-0",
      "DefPath": "pkg0/m1/Class0_0",
      "UnitType": "PipPackage",
      "Unit": "python-sample-0",
      "Def": true,
      "File": "pkg0/m1.py",
      "Start": 125,
      "End": 129
    },
    {
      "DefUnitType": "PipPackage",
      "DefUnit": "python-sample-0",
      "DefPath": "pkg0/m1/Class0_0",
      "UnitType": "PipPackage",
      "Unit": "python-sample-0",
      "File": "pkg0/m1.py",
      "Start": 146,
      "End": 154
    },
    {
      "DefUnitType": "PipPackage",
      "DefUnit": "python-sample-0",
      "DefPath": "pkg0/m1/Class0_0",
      "UnitType": "PipPackage",
      "Unit": "python-sample-0",
      "File": "pkg0/m1.py",
      "Start": 156,
      "End": 160
    },
    {
      "DefUnitType": "PipPackage",
      "DefUnit": "python-sample-0",
      "DefPath": "pkg0/m1/Class0_0",
      "UnitType": "PipPackage",
      "Unit": "python-sample-0",
      "File": "pkg0/m1.py",
      "Start": 219,
      "End": 227
    },
    {
      "DefUnitType": "PipPackage",
      "DefUnit": "python-sample-0",
      "DefPath": "pkg0/m1/Class0_0",
      "UnitType": "PipPackage",
      "Unit": "python-sample-0",
      "Def": true,
      "File": "pkg0/m1.py",
      "Start": 90,
      "End": 98
    },
    {
      "DefUnitType": "PipPackage",
      "DefUnit": "python-sample-0",
      "DefPath": "pkg0/m1/m2_fn1/var0",
      "UnitType": "PipPackage",
      "Unit": "python-sample-0",
      "Def": true,
      "File": "pkg0/m1.py",
      "Start": 192,
      "End": 196
    },
    {
      "DefUnitType": "PipPackage",
      "DefUnit": "python-sample-0",
      "DefPath": "pkg0/m1/m2_fn1/var1",
      "UnitType": "PipPackage",
      "Unit": "python-sample-0",
      "Def": true,
      "File": "pkg0/m1.py",
      "Start": 212,
      "End": 216
    },
    {
      "DefUnitType": "PipPackage",
      "DefUnit": "python-sample-0",
      "DefPath": "pkg0/m1/m2_fn1",
      "UnitType": "PipPackage",
      "Unit": "python-sample-0",
      "Def": true,
      "File": "pkg0/m1.py",
      "Start": 178,
      "End": 184
    },
    {
      "DefUnitType": "PipPackage",
      "DefUnit": "python-sample-0",
      "DefPath": "pkg0/m1",
      "UnitType": "PipPackage",
      "Unit": "python-sample-0",
      "Def": true,
      "File": "pkg0/m1.py",
      "Start": 0,
      "End": 0
    },
    {
      "DefUnitType": "PipPackage",
      "DefUnit": "python-sample-0",
      "DefPath": "pkg0/pkg0/m0",
      "UnitType": "PipPackage",
      "Unit": "python-sample-0",
      "File": "pkg0/m1.py",
      "Start": 246,
      "End": 248
    },
    {
      "DefUnitType": "PipPackage",
      "DefUnit": "python-sample-0",
      "DefPath": "pkg0/pkg0/m0",
      "UnitType": "PipPackage",
      "Unit": "python-sample-0",
      "File": "pkg0/m1.py",
      "Start": 66,
      "End": 68
    },
    {
      "DefUnitType": "PipPackage",
      "DefUnit": "python-sample-0",
      "DefPath": "pkg0",
      "UnitType": "PipPackage",
      "Unit": "python-sample-0",
      "Def": true,
      "File": "pkg0/__init__.py",
      "Start": 0,
      "End": 0
    },
    {
      "DefUnitType": "PipPackage",
      "DefUnit": "python-sample-0",
      "DefPath": "pkg0",
      "UnitType": "PipPackage",
      "Unit": "python-sample-0",
      "File": "pkg0/m1.py",
      "Start": 241,
      "End": 245
    },
    {
      "DefUnitType": "PipPackage",
      "DefUnit": "python-sample-0",
      "DefPath": "pkg0",
      "UnitType": "PipPackage",
      "Unit": "python-sample-0",
      "File": "pkg0/m1.py",
      "Start": 51,
      "End": 55
    },
    {
      "DefUnitType": "PipPackage",
      "DefUnit": "python-sample-0",
      "DefPath": "pkg0",
      "UnitType": "PipPackage",
      "Unit": "python-sample-0",
      "File": "pkg0/m1.py",
      "Start": 61,
      "End": 65
    },
    {
      "DefUnitType": "PipPackage",
      "DefUnit": "python-sample-0",
      "DefPath": "setup/install_requires",
      "UnitType": "PipPackage",
      "Unit": "python-sample-0",
      "File": "setup.py",
      "Start": 166,
      "End": 182
    },
    {
      "DefUnitType": "PipPackage",
      "DefUnit": "python-sample-0",
      "DefPath": "setup/name",
      "UnitType": "PipPackage",
      "Unit": "python-sample-0",
      "File": "setup.py",
      "Start": 41,
      "End": 45
    },
    {
      "DefUnitType": "PipPackage",
      "DefUnit": "python-sample-0",
      "DefPath": "setup/packages",
      "UnitType": "PipPackage",
      "Unit": "python-sample-0",
      "File": "setup.py",
      "Start": 143,
      "End": 151
    },
    {
      "DefUnitType": "PipPackage",
      "DefUnit": "python-sample-0",
      "DefPath": "setup/url",
      "UnitType": "PipPackage",
      "Unit": "python-sample-0",
      "File": "setup.py",
      "Start": 90,
      "End": 93
    },
    {
      "DefUnitType": "PipPackage",
      "DefUnit": "python-sample-0",
      "DefPath": "setup/version",
      "UnitType": "PipPackage",
      "Unit": "python-sample-0",
      "File": "setup.py",
      "Start": 69,
      "End": 76
    },
    {
      "DefUnitType": "PipPackage",
      "DefUnit": "python-sample-0",
      "DefPath": "setup",
      "UnitType": "PipPackage",
      "Unit": "python-sample-0",
      "Def": true,
      "File": "setup.py",
      "Start": 0,
      "End": 0
    },
    {
      "DefRepo": "hg.python.org/cpython",
      "DefUnitType": "PipPackage",
      "DefUnit": "Python",
      "DefPath": "super",
      "UnitType": "PipPackage",
      "Unit": "python-sample-0",
      "File": "pkg0/m0.py",
      "Start": 416,
      "End": 421
    },
    {
      "DefRepo": "hg.python.org/cpython",
      "DefUnitType": "PipPackage",
      "DefUnit": "Python",
      "DefPath": "super",
      "UnitType": "PipPackage",
      "Unit": "python-sample-0",
      "File": "pkg0/m1.py",
      "Start": 140,
      "End": 145
    }
  ],
  "Docs": [
    {
      "UnitType": "PipPackage",
      "Unit": "python-sample-0",
      "Path": "pkg0/m0/Class0",
      "Format": "",
      "Data": "Class0 docstring"
    },
    {
      "UnitType": "PipPackage",
      "Unit": "python-sample-0",
      "Path": "pkg0/m0/Class0/var0",
      "Format": "",
      "Data": "Class0 docstring"
    }
  ]
}