[{"Raw":{"extras":null,"key":"https://github.com/sgtest/python-sample-0","modules":null,"packages":["pkg0"],"project_name":"python-sample-0","repo_url":"https://github.com/sgtest/python-sample-0","resolved":true,"specs":null,"type":"vcs","unsafe_name":""},"Target":{"ToRepoCloneURL":"https://github.com/sgtest/python-sample-0","ToUnit":"python-sample-0","ToUnitType":"PipPackage","ToVersionString":"","ToRevSpec":""}}]
