{
  "Defs": [
    {
      "UnitType": "PipPackage",
      "Unit": "single-module-dependent",
      "Path": "app",
      "Name": "app",
      "Kind": "module",
      "File": "app.py",
      "DefStart": 0,
      "DefEnd": 0,
      "Exported": true,
      "TreePath": "app"
    },
    {
      "UnitType": "PipPackage",
      "Unit": "single-module-dependent",
      "Path": "setup",
      "Name": "setup",
      "Kind": "module",
      "File": "setup.py",
      "DefStart": 0,
      "DefEnd": 0,
      "Exported": true,
      "TreePath": "setup"
    }
  ],
  "Refs": [
    {
      "DefUnitType": "PipPackage",
      "DefUnit": "single-module-dependent",
      "DefPath": "app",
      "UnitType": "PipPackage",
      "Unit": "single-module-dependent",
      "Def": true,
      "File": "app.py",
      "Start": 0,
      "End": 0
    },
    {
      "DefRepo": "github.com/sgtest/python-single-module-lib",
      "DefUnitType": "PipPackage",
      "DefUnit": "single-module-lib",
      "DefPath": "mod",
      "UnitType": "PipPackage",
      "Unit": "single-module-dependent",
      "File": "app.py",
      "Start": 18,
      "End": 21
    },
    {
      "DefRepo": "github.com/sgtest/python-single-module-lib",
      "DefUnitType": "PipPackage",
      "DefUnit": "single-module-lib",
      "DefPath": "mod",
      "UnitType": "PipPackage",
      "Unit": "single-module-dependent",
      "File": "app.py",
      "Start": 7,
      "End": 10
    },
    {
      "DefUnitType": "PipPackage",
      "DefUnit": "single-module-dependent",
      "DefPath": "setup/name",
      "UnitType": "PipPackage",
      "Unit": "single-module-dependent",
      "File": "setup.py",
      "Start": 41,
      "End": 45
    },
    {
      "DefUnitType": "PipPackage",
      "DefUnit": "single-module-dependent",
      "DefPath": "setup/url",
      "UnitType": "PipPackage",
      "Unit": "single-module-dependent",
      "File": "setup.py",
      "Start": 98,
      "End": 101
    },
    {
      "DefUnitType": "PipPackage",
      "DefUnit": "single-module-dependent",
      "DefPath": "setup/version",
      "UnitType": "PipPackage",
      "Unit": "single-module-dependent",
      "File": "setup.py",
      "Start": 77,
      "End": 84
    },
    {
      "DefUnitType": "PipPackage",
      "DefUnit": "single-module-dependent",
      "DefPath": "setup",
      "UnitType": "PipPackage",
      "Unit": "single-module-dependent",
      "Def": true,
      "File": "setup.py",
      "Start": 0,
      "End": 0
    }
  ]
}