[{"Raw":{"extras":[],"key":"requests","modules":null,"packages":["requests","requests.packages","requests.packages.chardet","requests.packages.urllib3","requests.packages.urllib3.packages","requests.packages.urllib3.contrib","requests.packages.urllib3.util","requests.packages.urllib3.packages.ssl_match_hostname"],"project_name":"requests","repo_url":"git://github.com/kennethreitz/requests","resolved":true,"specs":[],"type":"setuptools","unsafe_name":"requests"},"Target":{"ToRepoCloneURL":"git://github.com/kennethreitz/requests","ToUnit":"requests","ToUnitType":"PipPackage","ToVersionString":"","ToRevSpec":""}}]
