{"Name":"single-module-lib","Type":"PipPackage","Files":["mod.py","setup.py"],"Dir":".","Ops":{"depresolve":null,"graph":null}}
